# finalizequeue

```
0:000> !finalizequeue
SyncBlocks to be cleaned up: 0
Free-Threaded Interfaces to be released: 0
MTA Interfaces to be released: 0
STA Interfaces to be released: 0
----------------------------------
------------------------------
Heap 0
generation 0 has 5 finalizable objects (0000028b21b4a600->0000028b21b4a628)
generation 1 has 6 finalizable objects (0000028b21b4a5d0->0000028b21b4a600)
generation 2 has 3464 finalizable objects (0000028b21b43990->0000028b21b4a5d0)
Ready for finalization 0 objects (0000028b21b4a628->0000028b21b4a628)
------------------------------
Heap 1
generation 0 has 788 finalizable objects (0000028b21d36da8->0000028b21d38648)
generation 1 has 2 finalizable objects (0000028b21d36d98->0000028b21d36da8)
generation 2 has 2567 finalizable objects (0000028b21d31d60->0000028b21d36d98)
Ready for finalization 0 objects (0000028b21d38648->0000028b21d38648)
------------------------------
Heap 2
generation 0 has 226 finalizable objects (0000028b211bde28->0000028b211be538)
generation 1 has 0 finalizable objects (0000028b211bde28->0000028b211bde28)
generation 2 has 2537 finalizable objects (0000028b211b8ee0->0000028b211bde28)
Ready for finalization 0 objects (0000028b211be538->0000028b211be538)
------------------------------
Heap 3
generation 0 has 0 finalizable objects (0000028b217bfcb0->0000028b217bfcb0)
generation 1 has 0 finalizable objects (0000028b217bfcb0->0000028b217bfcb0)
generation 2 has 3150 finalizable objects (0000028b217b9a40->0000028b217bfcb0)
Ready for finalization 0 objects (0000028b217bfcb0->0000028b217bfcb0)
------------------------------
Heap 4
generation 0 has 2 finalizable objects (0000028b21c38d10->0000028b21c38d20)
generation 1 has 26 finalizable objects (0000028b21c38c40->0000028b21c38d10)
generation 2 has 2468 finalizable objects (0000028b21c33f20->0000028b21c38c40)
Ready for finalization 0 objects (0000028b21c38d20->0000028b21c38d20)
------------------------------
Heap 5
generation 0 has 253 finalizable objects (0000028b218a18d0->0000028b218a20b8)
generation 1 has 0 finalizable objects (0000028b218a18d0->0000028b218a18d0)
generation 2 has 2936 finalizable objects (0000028b2189bd10->0000028b218a18d0)
Ready for finalization 0 objects (0000028b218a20b8->0000028b218a20b8)
------------------------------
Heap 6
generation 0 has 35 finalizable objects (0000028b2148c138->0000028b2148c250)
generation 1 has 0 finalizable objects (0000028b2148c138->0000028b2148c138)
generation 2 has 2743 finalizable objects (0000028b21486b80->0000028b2148c138)
Ready for finalization 0 objects (0000028b2148c250->0000028b2148c250)
------------------------------
Heap 7
generation 0 has 1 finalizable objects (0000028b21973e78->0000028b21973e80)
generation 1 has 0 finalizable objects (0000028b21973e78->0000028b21973e78)
generation 2 has 2093 finalizable objects (0000028b2196fd10->0000028b21973e78)
Ready for finalization 0 objects (0000028b21973e80->0000028b21973e80)
------------------------------
Heap 8
generation 0 has 2 finalizable objects (0000028b216722e0->0000028b216722f0)
generation 1 has 10 finalizable objects (0000028b21672290->0000028b216722e0)
generation 2 has 2256 finalizable objects (0000028b2166dc10->0000028b21672290)
Ready for finalization 0 objects (0000028b216722f0->0000028b216722f0)
------------------------------
Heap 9
generation 0 has 0 finalizable objects (000002982a454480->000002982a454480)
generation 1 has 0 finalizable objects (000002982a454480->000002982a454480)
generation 2 has 2188 finalizable objects (000002982a450020->000002982a454480)
Ready for finalization 0 objects (000002982a454480->000002982a454480)
------------------------------
Heap 10
generation 0 has 0 finalizable objects (0000028b215dc150->0000028b215dc150)
generation 1 has 5 finalizable objects (0000028b215dc128->0000028b215dc150)
generation 2 has 2193 finalizable objects (0000028b215d7ca0->0000028b215dc128)
Ready for finalization 0 objects (0000028b215dc150->0000028b215dc150)
------------------------------
Heap 11
generation 0 has 35 finalizable objects (0000028b21613808->0000028b21613920)
generation 1 has 1 finalizable objects (0000028b21613800->0000028b21613808)
generation 2 has 2344 finalizable objects (0000028b2160eec0->0000028b21613800)
Ready for finalization 0 objects (0000028b21613920->0000028b21613920)
------------------------------
Heap 12
generation 0 has 2 finalizable objects (0000028b2157d4b8->0000028b2157d4c8)
generation 1 has 0 finalizable objects (0000028b2157d4b8->0000028b2157d4b8)
generation 2 has 2737 finalizable objects (0000028b21577f30->0000028b2157d4b8)
Ready for finalization 0 objects (0000028b2157d4c8->0000028b2157d4c8)
------------------------------
Heap 13
generation 0 has 5 finalizable objects (0000028b21df5130->0000028b21df5158)
generation 1 has 0 finalizable objects (0000028b21df5130->0000028b21df5130)
generation 2 has 2210 finalizable objects (0000028b21df0c20->0000028b21df5130)
Ready for finalization 0 objects (0000028b21df5158->0000028b21df5158)
------------------------------
Heap 14
generation 0 has 1 finalizable objects (0000028b216c1108->0000028b216c1110)
generation 1 has 0 finalizable objects (0000028b216c1108->0000028b216c1108)
generation 2 has 2193 finalizable objects (0000028b216bcc80->0000028b216c1108)
Ready for finalization 0 objects (0000028b216c1110->0000028b216c1110)
------------------------------
Heap 15
generation 0 has 49 finalizable objects (000002979b008650->000002979b0087d8)
generation 1 has 0 finalizable objects (000002979b008650->000002979b008650)
generation 2 has 2232 finalizable objects (000002979b004090->000002979b008650)
Ready for finalization 0 objects (000002979b0087d8->000002979b0087d8)
------------------------------
Heap 16
generation 0 has 1 finalizable objects (0000029895482d78->0000029895482d80)
generation 1 has 0 finalizable objects (0000029895482d78->0000029895482d78)
generation 2 has 1963 finalizable objects (000002989547f020->0000029895482d78)
Ready for finalization 0 objects (0000029895482d80->0000029895482d80)
------------------------------
Heap 17
generation 0 has 250 finalizable objects (000002971ac68688->000002971ac68e58)
generation 1 has 0 finalizable objects (000002971ac68688->000002971ac68688)
generation 2 has 2253 finalizable objects (000002971ac64020->000002971ac68688)
Ready for finalization 0 objects (000002971ac68e58->000002971ac68e58)
------------------------------
Heap 18
generation 0 has 37 finalizable objects (0000029793741438->0000029793741560)
generation 1 has 0 finalizable objects (0000029793741438->0000029793741438)
generation 2 has 2235 finalizable objects (000002979373ce60->0000029793741438)
Ready for finalization 0 objects (0000029793741560->0000029793741560)
------------------------------
Heap 19
generation 0 has 8 finalizable objects (0000028b219322e8->0000028b21932328)
generation 1 has 7 finalizable objects (0000028b219322b0->0000028b219322e8)
generation 2 has 2156 finalizable objects (0000028b2192df50->0000028b219322b0)
Ready for finalization 0 objects (0000028b21932328->0000028b21932328)
------------------------------
Heap 20
generation 0 has 188 finalizable objects (0000028b2170ce90->0000028b2170d470)
generation 1 has 0 finalizable objects (0000028b2170ce90->0000028b2170ce90)
generation 2 has 1612 finalizable objects (0000028b21709c30->0000028b2170ce90)
Ready for finalization 0 objects (0000028b2170d470->0000028b2170d470)
------------------------------
Heap 21
generation 0 has 1 finalizable objects (0000029690303d08->0000029690303d10)
generation 1 has 0 finalizable objects (0000029690303d08->0000029690303d08)
generation 2 has 1551 finalizable objects (0000029690300c90->0000029690303d08)
Ready for finalization 0 objects (0000029690303d10->0000029690303d10)
------------------------------
Heap 22
generation 0 has 0 finalizable objects (0000028b212b2818->0000028b212b2818)
generation 1 has 0 finalizable objects (0000028b212b2818->0000028b212b2818)
generation 2 has 1517 finalizable objects (0000028b212af8b0->0000028b212b2818)
Ready for finalization 0 objects (0000028b212b2818->0000028b212b2818)
------------------------------
Heap 23
generation 0 has 2 finalizable objects (0000028b2184f808->0000028b2184f818)
generation 1 has 0 finalizable objects (0000028b2184f808->0000028b2184f808)
generation 2 has 1903 finalizable objects (0000028b2184bc90->0000028b2184f808)
Ready for finalization 0 objects (0000028b2184f818->0000028b2184f818)
------------------------------
Heap 24
generation 0 has 3 finalizable objects (000002979ebf3760->000002979ebf3778)
generation 1 has 0 finalizable objects (000002979ebf3760->000002979ebf3760)
generation 2 has 2270 finalizable objects (000002979ebef070->000002979ebf3760)
Ready for finalization 0 objects (000002979ebf3778->000002979ebf3778)
------------------------------
Heap 25
generation 0 has 21 finalizable objects (0000028b2132baf0->0000028b2132bb98)
generation 1 has 0 finalizable objects (0000028b2132baf0->0000028b2132baf0)
generation 2 has 2088 finalizable objects (0000028b213279b0->0000028b2132baf0)
Ready for finalization 0 objects (0000028b2132bb98->0000028b2132bb98)
------------------------------
Heap 26
generation 0 has 332 finalizable objects (0000028b21428940->0000028b214293a0)
generation 1 has 0 finalizable objects (0000028b21428940->0000028b21428940)
generation 2 has 2428 finalizable objects (0000028b21423d60->0000028b21428940)
Ready for finalization 0 objects (0000028b214293a0->0000028b214293a0)
------------------------------
Heap 27
generation 0 has 0 finalizable objects (0000028b21cd7680->0000028b21cd7680)
generation 1 has 28 finalizable objects (0000028b21cd75a0->0000028b21cd7680)
generation 2 has 2226 finalizable objects (0000028b21cd3010->0000028b21cd75a0)
Ready for finalization 0 objects (0000028b21cd7680->0000028b21cd7680)
------------------------------
Heap 28
generation 0 has 3 finalizable objects (0000028b2180fd78->0000028b2180fd90)
generation 1 has 0 finalizable objects (0000028b2180fd78->0000028b2180fd78)
generation 2 has 3029 finalizable objects (0000028b21809ed0->0000028b2180fd78)
Ready for finalization 0 objects (0000028b2180fd90->0000028b2180fd90)
------------------------------
Heap 29
generation 0 has 0 finalizable objects (0000028b2114eff8->0000028b2114eff8)
generation 1 has 13 finalizable objects (0000028b2114ef90->0000028b2114eff8)
generation 2 has 2080 finalizable objects (0000028b2114ae90->0000028b2114ef90)
Ready for finalization 0 objects (0000028b2114eff8->0000028b2114eff8)
------------------------------
Heap 30
generation 0 has 6 finalizable objects (0000028b21d95448->0000028b21d95478)
generation 1 has 0 finalizable objects (0000028b21d95448->0000028b21d95448)
generation 2 has 2355 finalizable objects (0000028b21d90ab0->0000028b21d95448)
Ready for finalization 0 objects (0000028b21d95478->0000028b21d95478)
------------------------------
Heap 31
generation 0 has 0 finalizable objects (0000028b219b6140->0000028b219b6140)
generation 1 has 0 finalizable objects (0000028b219b6140->0000028b219b6140)
generation 2 has 2124 finalizable objects (0000028b219b1ee0->0000028b219b6140)
Ready for finalization 0 objects (0000028b219b6140->0000028b219b6140)
------------------------------
Heap 32
generation 0 has 336 finalizable objects (00000296d436b750->00000296d436c1d0)
generation 1 has 0 finalizable objects (00000296d436b750->00000296d436b750)
generation 2 has 3372 finalizable objects (00000296d4364df0->00000296d436b750)
Ready for finalization 0 objects (00000296d436c1d0->00000296d436c1d0)
------------------------------
Heap 33
generation 0 has 5 finalizable objects (0000028b20f48f80->0000028b20f48fa8)
generation 1 has 5 finalizable objects (0000028b20f48f58->0000028b20f48f80)
generation 2 has 2889 finalizable objects (0000028b20f43510->0000028b20f48f58)
Ready for finalization 0 objects (0000028b20f48fa8->0000028b20f48fa8)
------------------------------
Heap 34
generation 0 has 41 finalizable objects (0000028b21b995c8->0000028b21b99710)
generation 1 has 0 finalizable objects (0000028b21b995c8->0000028b21b995c8)
generation 2 has 2935 finalizable objects (0000028b21b93a10->0000028b21b995c8)
Ready for finalization 0 objects (0000028b21b99710->0000028b21b99710)
------------------------------
Heap 35
generation 0 has 0 finalizable objects (0000028b21aea9a0->0000028b21aea9a0)
generation 1 has 0 finalizable objects (0000028b21aea9a0->0000028b21aea9a0)
generation 2 has 2988 finalizable objects (0000028b21ae4c40->0000028b21aea9a0)
Ready for finalization 0 objects (0000028b21aea9a0->0000028b21aea9a0)
Statistics for all finalizable objects (including all objects ready for finalization):
              MT    Count    TotalSize Class Name
00007ffbb2ed9050        1           24 System.WeakReference`1[[System.Net.AutoWebProxyScriptEngine, System]]
00007ffbb0e9c0d0        1           24 System.Web.Configuration.ImpersonateTokenRef
00007ffbb515c0c8        1           32 System.Security.Cryptography.SafeCspHandle
00007ffbb3efdb20        1           32 System.Threading.Gen2GcCallback
00007ffbb2ee6200        1           32 System.Net.SafeInternetHandle
00007ffbb2ee5230        1           32 System.Net.SafeLocalFree
00007ffbb2ee4888        1           32 System.Net.SafeNativeOverlapped
00007ffbb2ed77d8        1           32 System.IO.Compression.ZLibNative+SafeLibraryHandle
00007ffbb2ebc618        1           32 Microsoft.Win32.SafeHandles.SafeFileMapViewHandle
00007ffbb2eb4f58        1           32 Microsoft.Win32.SafeHandles.SafeFileMappingHandle
00007ffbb2e7e238        1           32 Microsoft.Win32.SafeHandles.SafeProcessHandle
00007ffbb0e997d8        1           32 System.Web.PerfInstanceDataHandle
00007ffbafa60710        1           32 Bid+AutoInit
00007ffbb3f41168        1           40 System.LocalDataStoreSlot
00007ffbb2eec5a0        1           40 System.Net.SafeFreeContextBufferChannelBinding_SECURITY
00007ffbb2eeb548        1           40 System.Net.SafeCredentialReference
00007ffbb231a6f8        1           40 Microsoft.Win32.SafeHandles.SafeCapiHashHandle
00007ffbb3f3a110        2           48 System.WeakReference`1[[System.Diagnostics.Tracing.EtwSession, mscorlib]]
00007ffbb2eeb168        1           48 System.Net.SafeFreeCredential_SECURITY
00007ffbb2e84c08        1           48 Microsoft.CSharp.CSharpCodeProvider
00007ffbac9a8728        1           48 System.Runtime.CompilerServices.ConditionalWeakTable`2[[System.Transactions.ContextKey, System.Transactions],[System.Transactions.ContextData, System.Transactions]]
00007ffb577b0db0        1           48 Microsoft.ReportingServices.Rendering.ImageRenderer.GraphicsBase
00007ffbb0e9d358        1           56 System.Web.Compilation.CompilationMutex
00007ffb5768e318        1           56 Microsoft.ReportingServices.Rendering.RichText.FontCache
00007ffbb3f16670        2           64 Microsoft.Win32.SafeHandles.SafeFileMappingHandle
00007ffbb3f165e0        2           64 Microsoft.Win32.SafeHandles.SafeViewOfFileHandle
00007ffbb3f14110        2           80 System.Threading.RegisteredWaitHandleSafe
00007ffbb0e9f978        2           80 System.Threading.ThreadLocal`1[[System.Collections.Concurrent.ConcurrentBag`1+ThreadLocalList[[System.Web.HttpApplication, System.Web]], System]]
00007ffbb3f412c0        4           96 System.LocalDataStoreHolder
00007ffb57071180        1           96 Microsoft.Reporting.WebForms.ReportViewerStyle
00007ffbb2ed1d98        4          128 System.Gen2GcCallback
00007ffbb5181128        6          144 System.Reflection.Emit.DynamicResolver+DestroyScout
00007ffbb2ed76a8        3          144 System.IO.Compression.ZLibNative+ZLibStreamHandle
00007ffbb2ed75f8        3          144 System.IO.Compression.DeflaterZLib
00007ffbb515aff8        4          160 System.Security.SafeBSTRHandle
00007ffbb2ee5f40        4          160 System.Net.SafeRegistryHandle
00007ffbb0ead898        2          160 System.Web.UI.WebControls.Style
00007ffbb5166808        1          192 System.Threading.CdsSyncEtwBCLProvider
00007ffbb3f3ec18        1          192 System.Threading.Tasks.TplEtwProvider
00007ffbb3f0d788        1          192 System.Collections.Concurrent.CDSCollectionETWBCLProvider
00007ffbb3f0b5a0        6          192 Microsoft.Win32.SafeHandles.SafeLsaPolicyHandle
00007ffbb3efda70        1          192 System.Threading.PinnableBufferCacheEventSource
00007ffbb2ee6710        1          192 System.PinnableBufferCacheEventSource
00007ffbb2ee4750        4          192 System.Net.SafeCloseSocketAndEvent
00007ffbb0ea9ea0        1          200 System.Web.AspNetEventSource
00007ffbb3f1a618        6          240 Microsoft.Win32.SafeHandles.SafeLocalAllocHandle
00007ffbb0ef08a8        6          240 System.Web.ClientImpersonationContext
00007ffb5768d8e8        1          248 Microsoft.ReportingServices.Rendering.ImageRenderer.PDFWriter
00007ffbaf736c80        4          256 System.Drawing.Graphics
00007ffb569d5598        3          264 OracleInternal.ConnectionPool.OraclePool
00007ffbb2e82608        1          280 System.Diagnostics.Process
00007ffbac9ad950        9          288 System.Transactions.SafeIUnknown
00007ffbaf734d28        9          360 System.Drawing.FontFamily
00007ffbb0e96ec8        2          384 System.Web.TelemetryEventSource
00007ffbaf7367f0        8          384 System.Drawing.Bitmap
00007ffb569d5070        1          440 OracleInternal.ConnectionPool.OraclePoolManager
00007ffbb3f2b3a0       14          448 Microsoft.Win32.SafeHandles.SafeRegistryHandle
00007ffbb3f0b630       12          480 Microsoft.Win32.SafeHandles.SafeLsaMemoryHandle
00007ffbb2eaa418       12          480 System.Net.Sockets.TcpClient
00007ffbb2e95288        1          488 System.Net.Sockets.Socket+TaskSocketAsyncEventArgs`1[[System.Net.Sockets.Socket, System]]
00007ffbb2e93e88        1          504 System.Net.Sockets.Socket+Int32TaskSocketAsyncEventArgs
00007ffbb2ee45e0       16          512 System.Net.SafeCloseSocket+InnerSafeCloseSocket
00007ffbaf735de8        9          648 System.Drawing.Font
00007ffbb2ee47f8       18          720 System.Net.SafeCloseSocket
00007ffb576ecea8        7          784 Microsoft.ReportingServices.Rendering.RichText.CachedFont
00007ffbb2ee83b0       13          832 System.Net.Sockets.NetworkStream
00007ffbb0ee97d8       20          960 System.Web.Security.FileSecurityDescriptorWrapper
00007ffbb0eb0160       27         1080 System.Web.HttpResponseUnmanagedBufferElement
00007ffb56b31c00        9         1224 Oracle.ManagedDataAccess.Types.OracleRefCursor
00007ffbb2e93898        7         1232 System.Diagnostics.PerformanceCounter
00007ffb56c5c978       29         1856 ThisSol.BizLayer.RoleInfo
00007ffbb231a568       68         2176 Microsoft.Win32.SafeHandles.SafeCspHandle
00007ffbb2ee3010       18         2592 System.Net.Sockets.Socket
00007ffbb0ea25f8       82         2624 System.Threading.ThreadLocal`1+FinalizationHelper[[System.Collections.Concurrent.ConcurrentBag`1+ThreadLocalList[[System.Web.HttpApplication, System.Web]], System]]
00007ffbb231a698       69         2760 Microsoft.Win32.SafeHandles.SafeCapiKeyHandle
00007ffb56c5b6b0       29         3248 ThisSol.BizLayer.UserInfo
00007ffbb515c198      102         3264 System.Security.Cryptography.SafeCspKeyHandle
00007ffbb515c130      102         3264 System.Security.Cryptography.SafeCspHashHandle
00007ffb576ecaa8      104         3328 Microsoft.ReportingServices.Rendering.RichText.Win32DCSafeHandle
00007ffb56aec488       44         3520 Oracle.ManagedDataAccess.Client.OracleLogicalTransaction
00007ffbb5154990      164         3936 System.SizedReference
00007ffb56b30930       16         3968 Oracle.ManagedDataAccess.Client.OracleDataReader
00007ffbb0e968f0      122         4880 System.Web.ApplicationImpersonationContext
00007ffb56b32180       30         5520 Oracle.ManagedDataAccess.Client.OracleDataAdapter
00007ffb56a08cf8       31         5704 Oracle.ManagedDataAccess.Client.OracleCommand
00007ffbb3f156e0      162         6480 System.Threading.ThreadPoolWorkQueueThreadLocals
00007ffbb0280cd8       54         9504 System.Data.DataSet
00007ffbb0e9a460      238         9520 System.Web.ProcessImpersonationContext
00007ffbb0e99c58      142        10224 System.Web.DirMonCompletion
00007ffb576ec978      367        11744 Microsoft.ReportingServices.Rendering.RichText.Win32ObjectSafeHandle
00007ffb576eeba0      465        14880 Microsoft.ReportingServices.Rendering.RichText.ScriptCacheSafeHandle
00007ffbb3f317e8      159        15264 System.Threading.Thread
00007ffb569c0068       74        20720 Oracle.ManagedDataAccess.Client.OracleConnection
00007ffbafa61488       69        35328 System.Data.DataTable
00007ffbb2e97ce8     1062        59472 System.ComponentModel.Container
00007ffbafa61a70      385        83160 System.Data.DataColumn
00007ffbb3f0d058     4078        97872 System.Threading.TimerHolder
00007ffb56c5cd80     1004       104416 ThisSol.BizLayer.FunInfo
00007ffbb5168760     3902       124864 System.Threading.SafeCompressedStackHandle
00007ffbb3f41ea0     3903       124896 System.Security.Cryptography.SafeProvHandle
00007ffbb3f0d130     3903       124896 System.Threading.TimerQueue+AppDomainTimerSafeHandle
00007ffbb3f40038     4081       130592 Microsoft.Win32.SafeHandles.SafeAccessTokenHandle
00007ffbb3f2e2f0     4186       133952 Microsoft.Win32.SafeHandles.SafeWaitHandle
00007ffbb3ef65f0     2012       144864 System.Reflection.Emit.DynamicResolver
00007ffbb3f41778     1875       165000 System.Diagnostics.Tracing.EventSource+OverideEventProvider
00007ffbb51562f0     3902       187296 System.Runtime.CompilerServices.ConditionalWeakTable`2[[System.Object, mscorlib],[System.Runtime.Serialization.SerializationInfo, mscorlib]]
00007ffbb3f11510     3903       405912 System.Runtime.Remoting.Contexts.Context
00007ffbb3f23f48     3903       749376 System.Diagnostics.Tracing.FrameworkEventSource
00007ffbb3f23e00    11790       754560 System.Threading.ReaderWriterLock
00007ffbb3f2d6d8    32101       770424 System.WeakReference
Total 89026 objects
```